I'm sorry, but errors were detected in your script. Please correct the
errors listed below, and try again.


File "game/script.rpy", line 73: expected 'simple_expression' not found.
    with with dissolve
         ^

File "game/script.rpy", line 108: expected 'simple_expression' not found.
    with with dissolve
         ^

Ren'Py Version: Ren'Py 8.2.0.24012702
Thu Feb 15 02:52:44 2024
